// Jest Snapshot v1, https://goo.gl/fbAQLP

exports[`<App /> renders correctly 1`] = `
<div
  className="makeStyles-container-2"
>
  <ul
    className="MuiGridList-root"
    style={
      Object {
        "margin": -2,
      }
    }
  >
    <li
      className="MuiGridListTile-root"
    >
      <div
        className="MuiGridListTile-tile"
      >
        <button
          aria-describedby={null}
          className="MuiButtonBase-root MuiIconButton-root makeStyles-iconButton-6 MuiIconButton-sizeSmall"
          disabled={false}
          onBlur={[Function]}
          onDragLeave={[Function]}
          onFocus={[Function]}
          onKeyDown={[Function]}
          onKeyUp={[Function]}
          onMouseDown={[Function]}
          onMouseLeave={[Function]}
          onMouseOver={[Function]}
          onMouseUp={[Function]}
          onTouchEnd={[Function]}
          onTouchMove={[Function]}
          onTouchStart={[Function]}
          tabIndex={0}
          title="Docs"
          type="button"
        >
          <span
            className="MuiIconButton-label"
          >
            <div
              className="MuiAvatar-root MuiAvatar-square makeStyles-avatar-7"
            >
              <img
                className="MuiAvatar-img"
                src="images/docs.png"
              />
            </div>
          </span>
          <span
            className="MuiTouchRipple-root"
          />
        </button>
      </div>
    </li>
    <li
      className="MuiGridListTile-root"
    >
      <div
        className="MuiGridListTile-tile"
      >
        <button
          aria-describedby={null}
          className="MuiButtonBase-root MuiIconButton-root makeStyles-iconButton-42 MuiIconButton-sizeSmall"
          disabled={false}
          onBlur={[Function]}
          onDragLeave={[Function]}
          onFocus={[Function]}
          onKeyDown={[Function]}
          onKeyUp={[Function]}
          onMouseDown={[Function]}
          onMouseLeave={[Function]}
          onMouseOver={[Function]}
          onMouseUp={[Function]}
          onTouchEnd={[Function]}
          onTouchMove={[Function]}
          onTouchStart={[Function]}
          tabIndex={0}
          title="Drive"
          type="button"
        >
          <span
            className="MuiIconButton-label"
          >
            <div
              className="MuiAvatar-root MuiAvatar-square makeStyles-avatar-43"
            >
              <img
                className="MuiAvatar-img"
                src="images/drive.png"
              />
            </div>
          </span>
          <span
            className="MuiTouchRipple-root"
          />
        </button>
      </div>
    </li>
    <li
      className="MuiGridListTile-root"
    >
      <div
        className="MuiGridListTile-tile"
      >
        <button
          aria-describedby={null}
          className="MuiButtonBase-root MuiIconButton-root makeStyles-iconButton-44 MuiIconButton-sizeSmall"
          disabled={false}
          onBlur={[Function]}
          onDragLeave={[Function]}
          onFocus={[Function]}
          onKeyDown={[Function]}
          onKeyUp={[Function]}
          onMouseDown={[Function]}
          onMouseLeave={[Function]}
          onMouseOver={[Function]}
          onMouseUp={[Function]}
          onTouchEnd={[Function]}
          onTouchMove={[Function]}
          onTouchStart={[Function]}
          tabIndex={0}
          title="Gmail"
          type="button"
        >
          <span
            className="MuiIconButton-label"
          >
            <div
              className="MuiAvatar-root MuiAvatar-square makeStyles-avatar-45"
            >
              <img
                className="MuiAvatar-img"
                src="images/gmail.png"
              />
            </div>
          </span>
          <span
            className="MuiTouchRipple-root"
          />
        </button>
      </div>
    </li>
    <li
      className="MuiGridListTile-root"
    >
      <div
        className="MuiGridListTile-tile"
      >
        <button
          aria-describedby={null}
          className="MuiButtonBase-root MuiIconButton-root makeStyles-iconButton-46 MuiIconButton-sizeSmall"
          disabled={false}
          onBlur={[Function]}
          onDragLeave={[Function]}
          onFocus={[Function]}
          onKeyDown={[Function]}
          onKeyUp={[Function]}
          onMouseDown={[Function]}
          onMouseLeave={[Function]}
          onMouseOver={[Function]}
          onMouseUp={[Function]}
          onTouchEnd={[Function]}
          onTouchMove={[Function]}
          onTouchStart={[Function]}
          tabIndex={0}
          title="Photos"
          type="button"
        >
          <span
            className="MuiIconButton-label"
          >
            <div
              className="MuiAvatar-root MuiAvatar-square makeStyles-avatar-47"
            >
              <img
                className="MuiAvatar-img"
                src="images/photos.png"
              />
            </div>
          </span>
          <span
            className="MuiTouchRipple-root"
          />
        </button>
      </div>
    </li>
    <li
      className="MuiGridListTile-root"
    >
      <div
        className="MuiGridListTile-tile"
      >
        <button
          aria-describedby={null}
          className="MuiButtonBase-root MuiIconButton-root makeStyles-iconButton-48 MuiIconButton-sizeSmall"
          disabled={false}
          onBlur={[Function]}
          onDragLeave={[Function]}
          onFocus={[Function]}
          onKeyDown={[Function]}
          onKeyUp={[Function]}
          onMouseDown={[Function]}
          onMouseLeave={[Function]}
          onMouseOver={[Function]}
          onMouseUp={[Function]}
          onTouchEnd={[Function]}
          onTouchMove={[Function]}
          onTouchStart={[Function]}
          tabIndex={0}
          title="Maps"
          type="button"
        >
          <span
            className="MuiIconButton-label"
          >
            <div
              className="MuiAvatar-root MuiAvatar-square makeStyles-avatar-49"
            >
              <img
                className="MuiAvatar-img"
                src="images/maps.png"
              />
            </div>
          </span>
          <span
            className="MuiTouchRipple-root"
          />
        </button>
      </div>
    </li>
    <li
      className="MuiGridListTile-root"
    >
      <div
        className="MuiGridListTile-tile"
      >
        <button
          aria-describedby={null}
          className="MuiButtonBase-root MuiIconButton-root makeStyles-iconButton-50 MuiIconButton-sizeSmall"
          disabled={false}
          onBlur={[Function]}
          onDragLeave={[Function]}
          onFocus={[Function]}
          onKeyDown={[Function]}
          onKeyUp={[Function]}
          onMouseDown={[Function]}
          onMouseLeave={[Function]}
          onMouseOver={[Function]}
          onMouseUp={[Function]}
          onTouchEnd={[Function]}
          onTouchMove={[Function]}
          onTouchStart={[Function]}
          tabIndex={0}
          title="Sheets"
          type="button"
        >
          <span
            className="MuiIconButton-label"
          >
            <div
              className="MuiAvatar-root MuiAvatar-square makeStyles-avatar-51"
            >
              <img
                className="MuiAvatar-img"
                src="images/sheets.png"
              />
            </div>
          </span>
          <span
            className="MuiTouchRipple-root"
          />
        </button>
      </div>
    </li>
    <li
      className="MuiGridListTile-root"
    >
      <div
        className="MuiGridListTile-tile"
      >
        <button
          aria-describedby={null}
          className="MuiButtonBase-root MuiIconButton-root makeStyles-iconButton-52 MuiIconButton-sizeSmall"
          disabled={false}
          onBlur={[Function]}
          onDragLeave={[Function]}
          onFocus={[Function]}
          onKeyDown={[Function]}
          onKeyUp={[Function]}
          onMouseDown={[Function]}
          onMouseLeave={[Function]}
          onMouseOver={[Function]}
          onMouseUp={[Function]}
          onTouchEnd={[Function]}
          onTouchMove={[Function]}
          onTouchStart={[Function]}
          tabIndex={0}
          title="Slides"
          type="button"
        >
          <span
            className="MuiIconButton-label"
          >
            <div
              className="MuiAvatar-root MuiAvatar-square makeStyles-avatar-53"
            >
              <img
                className="MuiAvatar-img"
                src="images/slides.png"
              />
            </div>
          </span>
          <span
            className="MuiTouchRipple-root"
          />
        </button>
      </div>
    </li>
    <li
      className="MuiGridListTile-root"
    >
      <div
        className="MuiGridListTile-tile"
      >
        <button
          aria-describedby={null}
          className="MuiButtonBase-root MuiIconButton-root makeStyles-iconButton-54 MuiIconButton-sizeSmall"
          disabled={false}
          onBlur={[Function]}
          onDragLeave={[Function]}
          onFocus={[Function]}
          onKeyDown={[Function]}
          onKeyUp={[Function]}
          onMouseDown={[Function]}
          onMouseLeave={[Function]}
          onMouseOver={[Function]}
          onMouseUp={[Function]}
          onTouchEnd={[Function]}
          onTouchMove={[Function]}
          onTouchStart={[Function]}
          tabIndex={0}
          title="YouTube"
          type="button"
        >
          <span
            className="MuiIconButton-label"
          >
            <div
              className="MuiAvatar-root MuiAvatar-square makeStyles-avatar-55"
            >
              <img
                className="MuiAvatar-img"
                src="images/youtube.png"
              />
            </div>
          </span>
          <span
            className="MuiTouchRipple-root"
          />
        </button>
      </div>
    </li>
  </ul>
  <button
    className="MuiButtonBase-root MuiButton-root MuiButton-outlined makeStyles-button-4"
    disabled={false}
    onBlur={[Function]}
    onClick={[Function]}
    onDragLeave={[Function]}
    onFocus={[Function]}
    onKeyDown={[Function]}
    onKeyUp={[Function]}
    onMouseDown={[Function]}
    onMouseLeave={[Function]}
    onMouseUp={[Function]}
    onTouchEnd={[Function]}
    onTouchMove={[Function]}
    onTouchStart={[Function]}
    tabIndex={0}
    type="button"
  >
    <span
      className="MuiButton-label"
    >
      <span
        className="MuiButton-startIcon MuiButton-iconSizeMedium"
      >
        <svg
          aria-hidden="true"
          className="MuiSvgIcon-root"
          focusable="false"
          role="presentation"
          viewBox="0 0 24 24"
        >
          <path
            d="M16.59 8.59L12 13.17 7.41 8.59 6 10l6 6 6-6z"
          />
        </svg>
      </span>
      More
    </span>
    <span
      className="MuiTouchRipple-root"
    />
  </button>
</div>
`;
